// Jest Snapshot v1, https://goo.gl/fbAQLP

exports[`<Home /> matches the Jest snapshot 1`] = `"<div class=\\"page-content\\" style=\\"flex-direction: column;\\"><div class=\\"home-text home-transition-0-appear home-transition-0-appear-active\\">Between January 1, 2015 and December 31, 2016</div><div class=\\"home-text home-text--large home-transition-1-appear home-transition-1-appear-active\\"><b>0</b> people</div><div class=\\"home-text home-transition-2-appear home-transition-2-appear-active\\">were killed by police in the United States.</div><div class=\\"home-text home-transition-3-appear home-transition-3-appear-active\\">That amounts to roughly <b class=\\"home-text-large\\">0.0</b> people per day.</div><div class=\\"home-text home-transition-4-appear home-transition-4-appear-active\\">Here's what we know.</div><div class=\\"home-text home-transition-5-appear home-transition-5-appear-active\\" style=\\"font-family: HelveticaNeue, Helvetica, sans-serif; margin-top: 5%; font-weight: 900;\\">An Investigation | By Parker Ziegler</div></div>"`;
